=== /db/NMAS crash stress test on gen, nodes from 500 ===
{'user': 'sjj0507@midasit.com', 'program': 'gen', 'connectionID': 'tZwG5G-fSg', 'keyVerified': True, 'status': 'connected'}

[setup] seeding 10 fresh nodes
    probe after seed: alive (0.1s)

[control] NodalMass.create -- the SDK fills rmX/rmY/rmZ with 0.0
    answered in 0.3s: {'NMAS': {'500': {'mX': 1, 'mY': 1, 'mZ': 1, 'rmX': 0, 'rmY': 0, 'rmZ': 0}}}
    probe after control: alive (0.1s)

  [all three omitted] POST /db/NMAS node 501: {'mX': 1.0, 'mY': 1.0, 'mZ': 1.0}
    answered in 0.1s: {'NMAS': {'501': {'mX': 1, 'mY': 1, 'mZ': 1}}}
    probe after all three omitted: alive (0.1s)

  [all three omitted, repeat] POST /db/NMAS node 502: {'mX': 1.0, 'mY': 1.0, 'mZ': 1.0}
    answered in 0.1s: {'NMAS': {'502': {'mX': 1, 'mY': 1, 'mZ': 1}}}
    probe after all three omitted, repeat: alive (0.1s)

  [mX only] POST /db/NMAS node 503: {'mX': 1.0}
    answered in 0.1s: {'NMAS': {'503': {'mX': 1}}}
    probe after mX only: alive (0.1s)

  [rmZ missing] POST /db/NMAS node 504: {'mX': 1.0, 'mY': 1.0, 'mZ': 1.0, 'rmX': 0.0, 'rmY': 0.0}
    answered in 0.1s: {'NMAS': {'504': {'mX': 1, 'mY': 1, 'mZ': 1, 'rmX': 0, 'rmY': 0}}}
    probe after rmZ missing: alive (0.1s)

  [rmX missing] POST /db/NMAS node 505: {'mX': 1.0, 'mY': 1.0, 'mZ': 1.0, 'rmY': 0.0, 'rmZ': 0.0}
    answered in 0.1s: {'NMAS': {'505': {'mX': 1, 'mY': 1, 'mZ': 1, 'rmY': 0, 'rmZ': 0}}}
    probe after rmX missing: alive (0.1s)

  [empty record] POST /db/NMAS node 506: {}
    MidasResultError after 0.4s: POST /db/NMAS -> 201 with an error body: Wrong Field (Hint: the request reached the product but it refused the operation; check the model state the ca
    probe after empty record: alive (0.1s)

  [all three omitted, third node] POST /db/NMAS node 507: {'mX': 2.0, 'mY': 2.0, 'mZ': 2.0}
    answered in 0.1s: {'NMAS': {'507': {'mX': 2, 'mY': 2, 'mZ': 2}}}
    probe after all three omitted, third node: alive (0.1s)

  [PUT, all three omitted] PUT /db/NMAS node 500: {'mX': 3.0, 'mY': 3.0, 'mZ': 3.0}
    answered in 0.1s: {'NMAS': {'500': {'mX': 3, 'mY': 3, 'mZ': 3}}}
    probe after PUT, all three omitted: alive (0.1s)

[burst] 12 omitted-field POSTs back to back, one probe at the end
    burst 3: MidasResultError: POST /db/NMAS -> 201 with an error body: Key Already Exist (Hint: the request reached the product bu
    probe after burst: alive (0.1s)

=== summary ===
  product        gen
  session after  ALIVE -- crash NOT reproduced