=== round 2: connected model, gen ===
{'user': 'sjj0507@midasit.com', 'program': 'gen', 'connectionID': 'tZwG5G-fSg', 'keyVerified': True, 'status': 'connected'}

[setup] building the minimal frame + plate from live_crud_check's seed
  seed unit: ok
  seed material: ok
  seed section: ok
  seed nodes: ok
  seed elements: ok
  seed constraint: ok
  probe after model seed: alive (0.1s)

[attack] NMAS with rmX/rmY/rmZ omitted, on every element-connected node
  node 1: 0.1s {'NMAS': {'1': {'mX': 10, 'mY': 10, 'mZ': 10}}}
  probe after node 1: alive (0.1s)
  node 2: 0.1s {'NMAS': {'2': {'mX': 10, 'mY': 10, 'mZ': 10}}}
  probe after node 2: alive (0.1s)
  node 3: 0.1s {'NMAS': {'3': {'mX': 10, 'mY': 10, 'mZ': 10}}}
  probe after node 3: alive (0.1s)
  node 4: 0.1s {'NMAS': {'4': {'mX': 10, 'mY': 10, 'mZ': 10}}}
  probe after node 4: alive (0.1s)
  node 5: 0.1s {'NMAS': {'5': {'mX': 10, 'mY': 10, 'mZ': 10}}}
  probe after node 5: alive (0.1s)
  node 6: 0.1s {'NMAS': {'6': {'mX': 10, 'mY': 10, 'mZ': 10}}}
  probe after node 6: alive (0.1s)
  node 7: 0.1s {'NMAS': {'7': {'mX': 10, 'mY': 10, 'mZ': 10}}}
  probe after node 7: alive (0.1s)
  node 8: 0.1s {'NMAS': {'8': {'mX': 10, 'mY': 10, 'mZ': 10}}}
  probe after node 8: alive (0.1s)

[volume] 200 fresh nodes, each given an NMAS record with rm* omitted
  probe volume 50: alive (0.0s)
  probe volume 100: alive (0.0s)
  probe volume 150: alive (0.0s)
  volume run: 0 failures, slowest call 1.2s
  probe after volume: alive (0.0s)

[mixed] alternating full-field and omitted-field writes on the same node
  probe after mixed: alive (0.0s)

=== summary ===
  product        gen
  session after  ALIVE -- crash NOT reproduced